// Jest Snapshot v1, https://goo.gl/fbAQLP

exports[`Ideal 1`] = `
"Snapshot Diff:
- <App />
+ <App isError={true} />

@@ -3,10 +3,10 @@
      className=\\"css-gj8yp6-paragraphStyles\\"
    >
      Hello
    </p>
    <button
-     className=\\"css-qrvbnj-buttonStyles\\"
+     className=\\"css-1d3nsau-errorStyles\\"
    >
      World
    </button>
  </div>"
`;

exports[`Using react-rest-render 1`] = `
"Snapshot Diff:
- First value
+ Second value

  .emotion-0 {
    color: red;
  }

  .emotion-1 {
-   background-color: blue;
+   background-color: red;
  }

  [object Object]"
`;

exports[`using snapshotDiff() func 1`] = `
"Snapshot Diff:
- First value
+ Second value

  .emotion-0 {
    color: red;
  }

  .emotion-1 {
-   background-color: blue;
+   background-color: red;
  }

  [object Object]"
`;

exports[`vanilla toMatchSnapshot() 1`] = `
.emotion-0 {
  color: red;
}

.emotion-1 {
  background-color: blue;
}

<div>
  <p
    className="emotion-0"
  >
    Hello
  </p>
  <button
    className="emotion-1"
  >
    World
  </button>
</div>
`;
